2026-08-09 19:00:20.752: [INFO] CurrentProfilePath: C:\Users\chaud\Smart-Society-Complaint-And-Service-Management\backend\.metadata\.plugins\org.eclipse.swt\EBWebView\Default
2026-08-09 19:00:20.752: [INFO] Profiles total count: 1
2026-08-09 19:00:20.752: [INFO] Profile: name=Profile 1 path=C:\Users\chaud\Smart-Society-Complaint-And-Service-Management\backend\.metadata\.plugins\org.eclipse.swt\EBWebView\Default lastActive=null
2026-08-09 19:00:20.752: [INFO] LastUsedProfileDir: C:\Users\chaud\Smart-Society-Complaint-And-Service-Management\backend\.metadata\.plugins\org.eclipse.swt\EBWebView\Default
2026-08-09 19:00:20.752: [INFO] OnDoneLoading sync enabled: 0
2026-08-09 19:00:20.752: [INFO] BookmarkModelLoaded, ids_reassigned: 0
2026-08-09 19:00:20.752: [INFO] BookmarksLoadDropped droppedNodes=0
2026-08-09 19:00:20.752: [INFO] BookmarksSnapshot Startup total=0 bar=0 other=0 mobile=0 showBar=0 showBarNTP=1
2026-08-09 19:00:38.224: [INFO] BookmarksSnapshot Shutdown total=0 bar=0 other=0 mobile=0 showBar=0 showBarNTP=1
2026-08-09 19:00:38.671: [INFO] CurrentProfilePath: C:\Users\chaud\Smart-Society-Complaint-And-Service-Management\backend\.metadata\.plugins\org.eclipse.swt\EBWebView\Default
2026-08-09 19:00:38.671: [INFO] Profiles total count: 1
2026-08-09 19:00:38.671: [INFO] Profile: name=Profile 1 path=C:\Users\chaud\Smart-Society-Complaint-And-Service-Management\backend\.metadata\.plugins\org.eclipse.swt\EBWebView\Default lastActive=2026-08-09T19:00:26.994Z
2026-08-09 19:00:38.671: [INFO] LastUsedProfileDir: C:\Users\chaud\Smart-Society-Complaint-And-Service-Management\backend\.metadata\.plugins\org.eclipse.swt\EBWebView\Default
2026-08-09 19:00:38.671: [INFO] MostRecentlyActiveProfile: name=Profile 1 path=C:\Users\chaud\Smart-Society-Complaint-And-Service-Management\backend\.metadata\.plugins\org.eclipse.swt\EBWebView\Default lastActive=2026-08-09T19:00:26.994Z
2026-08-09 19:00:38.671: [INFO] OnDoneLoading sync enabled: 0
2026-08-09 19:00:38.671: [INFO] BookmarkModelLoaded, ids_reassigned: 0
2026-08-09 19:00:38.671: [INFO] BookmarksLoadDropped droppedNodes=0
2026-08-09 19:00:38.671: [INFO] BookmarksSnapshot Startup total=0 bar=0 other=0 mobile=0 showBar=0 showBarNTP=1
2026-08-09 19:04:32.288: [INFO] BookmarksSnapshot Shutdown total=0 bar=0 other=0 mobile=0 showBar=0 showBarNTP=1
2026-08-09 20:22:15.877: [INFO] CurrentProfilePath: C:\Users\chaud\Smart-Society-Complaint-And-Service-Management\backend\.metadata\.plugins\org.eclipse.swt\EBWebView\Default
2026-08-09 20:22:15.877: [INFO] Profiles total count: 1
2026-08-09 20:22:15.878: [INFO] Profile: name=Profile 1 path=C:\Users\chaud\Smart-Society-Complaint-And-Service-Management\backend\.metadata\.plugins\org.eclipse.swt\EBWebView\Default lastActive=2026-08-09T19:00:26.994Z
2026-08-09 20:22:15.878: [INFO] LastUsedProfileDir: C:\Users\chaud\Smart-Society-Complaint-And-Service-Management\backend\.metadata\.plugins\org.eclipse.swt\EBWebView\Default
2026-08-09 20:22:15.878: [INFO] MostRecentlyActiveProfile: name=Profile 1 path=C:\Users\chaud\Smart-Society-Complaint-And-Service-Management\backend\.metadata\.plugins\org.eclipse.swt\EBWebView\Default lastActive=2026-08-09T19:00:26.994Z
2026-08-09 20:22:15.878: [INFO] OnDoneLoading sync enabled: 0
2026-08-09 20:22:15.878: [INFO] BookmarkModelLoaded, ids_reassigned: 0
2026-08-09 20:22:15.878: [INFO] BookmarksLoadDropped droppedNodes=0
2026-08-09 20:22:15.878: [INFO] BookmarksSnapshot Startup total=0 bar=0 other=0 mobile=0 showBar=0 showBarNTP=1
2026-08-09 20:29:13.038: [INFO] BookmarksSnapshot Shutdown total=0 bar=0 other=0 mobile=0 showBar=0 showBarNTP=1
2026-08-09 21:05:45.078: [INFO] CurrentProfilePath: C:\Users\chaud\Smart-Society-Complaint-And-Service-Management\backend\.metadata\.plugins\org.eclipse.swt\EBWebView\Default
2026-08-09 21:05:45.078: [INFO] Profiles total count: 1
2026-08-09 21:05:45.079: [INFO] Profile: name=Profile 1 path=C:\Users\chaud\Smart-Society-Complaint-And-Service-Management\backend\.metadata\.plugins\org.eclipse.swt\EBWebView\Default lastActive=2026-08-09T19:00:26.994Z
2026-08-09 21:05:45.079: [INFO] LastUsedProfileDir: C:\Users\chaud\Smart-Society-Complaint-And-Service-Management\backend\.metadata\.plugins\org.eclipse.swt\EBWebView\Default
2026-08-09 21:05:45.079: [INFO] MostRecentlyActiveProfile: name=Profile 1 path=C:\Users\chaud\Smart-Society-Complaint-And-Service-Management\backend\.metadata\.plugins\org.eclipse.swt\EBWebView\Default lastActive=2026-08-09T19:00:26.994Z
2026-08-09 21:05:45.079: [INFO] OnDoneLoading sync enabled: 0
2026-08-09 21:05:45.079: [INFO] BookmarkModelLoaded, ids_reassigned: 0
2026-08-09 21:05:45.079: [INFO] BookmarksLoadDropped droppedNodes=0
2026-08-09 21:05:45.079: [INFO] BookmarksSnapshot Startup total=0 bar=0 other=0 mobile=0 showBar=0 showBarNTP=1
2026-08-09 21:06:13.328: [INFO] BookmarksSnapshot Shutdown total=0 bar=0 other=0 mobile=0 showBar=0 showBarNTP=1
